// Jest Snapshot v1, https://goo.gl/fbAQLP

exports[`<PageLayout ...>...</PageLayout> renders the component correctly with passed name 1`] = `
<DocumentFragment>
  <div
    class="my-font container"
  >
    <header
      class="header"
    >
      <nav
        class="navigation-bar "
        id="navigation-bar"
        role="menubar"
      >
        <a
          class="logo"
          href="/"
        >
          <img
            alt="logo"
            data-nimg="1"
            decoding="async"
            height="48"
            loading="lazy"
            src="/logo.svg"
            style="color: transparent;"
            width="48"
          />
          My Name
        </a>
        <ul
          class="sections"
        >
          <li>
            <a
              href="#work-experience"
            >
              Experience
            </a>
          </li>
          <li>
            <a
              href="#education"
            >
              Education
            </a>
          </li>
          <li>
            <a
              href="#"
            >
              Skills
            </a>
          </li>
          <li>
            <a
              href="#academic-projects"
            >
              Projects
            </a>
          </li>
          <li>
            <a
              href="#volunteering"
            >
              Hobbies
            </a>
          </li>
          <li
            class="action"
          >
            <a
              href="#"
            >
              E-mail
            </a>
          </li>
          <li
            class="action"
          >
            <a
              class="call-to-action"
              href="#"
            >
              Download
            </a>
          </li>
          <li
            class="dropdown"
          >
            <a
              href="#"
              role="menuitemcheckbox"
            >
              <i
                class="fa fa-bars"
              />
            </a>
          </li>
        </ul>
      </nav>
    </header>
    <main>
      <p>
        Hello World
      </p>
    </main>
    <footer
      class="footer"
    >
      <ul>
        <li>
          <h4>
            Tech Stuff
          </h4>
          <ul>
            <li>
              <a
                href="#"
              >
                C++
              </a>
            </li>
            <li>
              <a
                href="#"
              >
                TypeScript
              </a>
            </li>
            <li>
              <a
                href="#"
              >
                Ruby
              </a>
            </li>
            <li>
              <a
                href="#"
              >
                Terraform
              </a>
            </li>
            <li>
              <a
                href="#"
              >
                Golang
              </a>
            </li>
            <li>
              <a
                href="#"
              >
                Python
              </a>
            </li>
            <li>
              <a
                href="#"
              >
                Cloud - AWS
              </a>
            </li>
            <li>
              <a
                href="#"
              >
                Git
              </a>
            </li>
          </ul>
        </li>
        <li>
          <h4>
            Skills
          </h4>
          <ul>
            <li>
              <a
                href="#"
              >
                Algorithms and Data Structures
              </a>
            </li>
            <li>
              <a
                href="#"
              >
                Mathematics
              </a>
            </li>
            <li>
              <a
                href="#"
              >
                Software Engineering
              </a>
            </li>
            <li>
              <a
                href="#"
              >
                Web Development
              </a>
            </li>
            <li>
              <a
                href="#"
              >
                Continuous Integration
              </a>
            </li>
            <li>
              <a
                href="#"
              >
                Tech Agnostic
              </a>
            </li>
            <li>
              <a
                href="#"
              >
                Proactivity
              </a>
            </li>
            <li>
              <a
                href="#"
              >
                Continuous Learning
              </a>
            </li>
          </ul>
        </li>
        <li>
          <h4>
            Personal Projects
          </h4>
          <ul>
            <li>
              <a
                href="#"
              >
                Algorists Group
              </a>
            </li>
            <li>
              <a
                href="#"
              >
                Unit Test Zeal
              </a>
            </li>
            <li>
              <a
                href="#"
              >
                Personal Website
              </a>
            </li>
            <li>
              <a
                href="#"
              >
                Jarnik Build System
              </a>
            </li>
            <li>
              <a
                href="#"
              >
                Spectral Clustering
              </a>
            </li>
          </ul>
        </li>
        <li>
          <h4>
            Volunteering
          </h4>
          <ul>
            <li>
              <a
                href="#"
              >
                LEGO Robotics and Tech for Kids
              </a>
            </li>
            <li>
              <a
                href="#"
              >
                Plant Trees
              </a>
            </li>
            <li>
              <a
                href="#"
              >
                OmegaUp Latinoamerica
              </a>
            </li>
            <li>
              <a
                href="#"
              >
                Rider Photoshoot
              </a>
            </li>
            <li>
              <a
                href="#"
              >
                Charity Events
              </a>
            </li>
          </ul>
        </li>
        <li>
          <h4>
            Hobbies and fun
          </h4>
          <ul>
            <li>
              <a
                href="#"
              >
                Cooking
              </a>
            </li>
            <li>
              <a
                href="#"
              >
                Liverpool FC
              </a>
            </li>
            <li>
              <a
                href="#"
              >
                Anime
              </a>
            </li>
            <li>
              <a
                href="#"
              >
                Videogames
              </a>
            </li>
            <li>
              <a
                href="#"
              >
                Boardgames
              </a>
            </li>
            <li>
              <a
                href="#"
              >
                Watching sports
              </a>
            </li>
            <li>
              <a
                href="#"
              >
                Travel and Hiking
              </a>
            </li>
          </ul>
        </li>
        <li>
          <h4>
            Hates and boring
          </h4>
          <ul>
            <li>
              <a
                href="#"
              >
                Apple stuff
              </a>
            </li>
            <li>
              <a
                href="#"
              >
                Real Madrid FC
              </a>
            </li>
            <li>
              <a
                href="#"
              >
                Java stuff
              </a>
            </li>
          </ul>
        </li>
      </ul>
    </footer>
  </div>
</DocumentFragment>
`;
