// Jest Snapshot v1, https://goo.gl/fbAQLP

exports[`<Header /> renders the component correctly with passed name 1`] = `
<DocumentFragment>
  <header
    class="header"
  />
</DocumentFragment>
`;
