// Jest Snapshot v1, https://goo.gl/fbAQLP

exports[`<MapForm ...>...</MapForm> renders the component correctly 1`] = `
<DocumentFragment>
  <form
    class="form"
    id="popup-add-form"
    method="POST"
  >
    <h3>
      Add New Marker
    </h3>
    <label
      for="name"
    >
      Name: 
    </label>
    <input
      name="name"
      required=""
      type="text"
    />
    <div
      class="error"
    />
    <div
      class="location"
    >
      <div>
        <label
          for="latitude"
        >
          Latitude: 
        </label>
        <input
          disabled=""
          name="latitude"
          type="text"
          value="51.47800"
        />
      </div>
      <div>
        <label
          for="longitude"
        >
          Longitude: 
        </label>
        <input
          disabled=""
          name="longitude"
          type="text"
          value="0.00000"
        />
      </div>
    </div>
    <div
      class="country-time"
    >
      <div
        class="country"
      >
        <label
          for="country"
        >
          Country: 
        </label>
        <select
          class="my-font"
          name="country"
        >
          <option
            class="my-font"
            value="GB"
          >
            ðŸ‡¬ðŸ‡§
          </option>
        </select>
      </div>
      <div>
        <label
          for="time_zone"
        >
          Timezone: 
        </label>
        <input
          name="time_zone"
          type="text"
        />
      </div>
    </div>
    <label
      for="info_en"
    >
      Additional information: 
    </label>
    <input
      name="info_en"
      type="text"
    />
    <button
      type="submit"
    >
      Save
    </button>
  </form>
</DocumentFragment>
`;
