// Jest Snapshot v1, https://goo.gl/fbAQLP

exports[`<GeoFootball ...>...</GeoFootball> renders the component correctly 1`] = `
<DocumentFragment>
  A pretty CSS3 popup. 
  <br />
   Easily customizable.
</DocumentFragment>
`;
