// Jest Snapshot v1, https://goo.gl/fbAQLP

exports[`<GeoFootballPage /> renders the Geo-Football on Rails page 1`] = `
<DocumentFragment>
  <div
    class="inter-font-class container geo-football"
  >
    <nav
      class="navigation-bar "
      id="navigation-bar"
      role="menubar"
    >
      <a
        class="logo"
        href="/"
      >
        <img
          alt="logo"
          data-nimg="1"
          decoding="async"
          height="48"
          loading="lazy"
          src="/logo.svg"
          style="color: transparent;"
          width="48"
        />
        Geo-Football on Rails
      </a>
      <ul
        class="sections"
      >
        <li>
          <a
            href="/#work-experience"
          >
            Experience
          </a>
        </li>
        <li>
          <a
            href="/#education"
          >
            Education
          </a>
        </li>
        <li>
          <a
            href="/#academic-projects"
          >
            Academic Projects
          </a>
        </li>
        <li>
          <a
            href="/#leadership"
          >
            Leadership
          </a>
        </li>
        <li
          class="action"
        >
          <a
            class="call-to-action"
            href="#"
          >
            Download
          </a>
        </li>
        <li
          class="dropdown"
        >
          <a
            href="#"
            role="menuitemcheckbox"
          >
            <i
              class="fa fa-bars"
            />
          </a>
        </li>
      </ul>
    </nav>
    <main>
      <form
        class="form"
        id="popup-add-form"
        method="POST"
      >
        <h3>
          Add New Marker
        </h3>
        <label
          for="name"
        >
          Name:
        </label>
        <input
          id="name"
          name="name"
          required=""
          role="textbox"
          type="text"
        />
        <div
          class="error"
        />
        <div
          class="location"
        >
          <div>
            <label
              for="latitude"
            >
              Latitude:
            </label>
            <input
              disabled=""
              id="latitude"
              name="latitude"
              type="text"
              value="51.47800"
            />
          </div>
          <div>
            <label
              for="longitude"
            >
              Longitude:
            </label>
            <input
              disabled=""
              id="longitude"
              name="longitude"
              type="text"
              value="0.00000"
            />
          </div>
        </div>
        <div
          class="country-time"
        >
          <div
            class="country"
          >
            <label
              for="country"
            >
              Country:
            </label>
            <select
              class="my-font"
              id="country"
              name="country"
            >
              <option
                class="my-font"
                value="GB"
              >
                ðŸ‡¬ðŸ‡§
              </option>
              <option
                class="my-font"
                value="IE"
              >
                ðŸ‡®ðŸ‡ª
              </option>
            </select>
          </div>
          <div>
            <label
              for="time-zone"
            >
              Timezone:
            </label>
            <input
              id="time-zone"
              name="time_zone"
              type="text"
            />
          </div>
        </div>
        <label
          for="info-en"
        >
          Additional information:
        </label>
        <input
          id="info-en"
          name="info_en"
          type="text"
        />
        <button
          type="submit"
        >
          Save
        </button>
      </form>
      <div
        class="popup"
        role="note"
      >
        <h3>
          Canary Wharf
        </h3>
        <dl>
          <dt>
            Country: 
          </dt>
          <dd>
            GB 
            <span
              class="my-font"
            >
              ðŸ‡¬ðŸ‡§
            </span>
          </dd>
          <dt>
            Position: 
          </dt>
          <dd>
            51.50361, -0.01861
          </dd>
          <dt>
            Timezone: 
          </dt>
          <dd>
            Europe/London
          </dd>
        </dl>
        <p>
          London Underground Station
        </p>
        <button
          class="delete"
        >
          <img
            alt="Delete"
            data-nimg="1"
            decoding="async"
            height="16"
            loading="lazy"
            src="/_next/image?url=https%3A%2F%2Fcdn-icons-png.flaticon.com%2F512%2F6711%2F6711573.png&w=32&q=75"
            srcset="/_next/image?url=https%3A%2F%2Fcdn-icons-png.flaticon.com%2F512%2F6711%2F6711573.png&w=16&q=75 1x, /_next/image?url=https%3A%2F%2Fcdn-icons-png.flaticon.com%2F512%2F6711%2F6711573.png&w=32&q=75 2x"
            style="color: transparent;"
            width="16"
          />
          Delete
        </button>
      </div>
      <div
        class="popup"
        role="note"
      >
        <h3>
          Dublin Heuston
        </h3>
        <dl>
          <dt>
            Country: 
          </dt>
          <dd>
            IE 
            <span
              class="my-font"
            >
              ðŸ‡®ðŸ‡ª
            </span>
          </dd>
          <dt>
            Position: 
          </dt>
          <dd>
            53.34583, -6.29530
          </dd>
          <dt>
            Timezone: 
          </dt>
          <dd>
            Europe/Dublin
          </dd>
        </dl>
        <p>
          Irish Trains
        </p>
        <button
          class="delete"
        >
          <img
            alt="Delete"
            data-nimg="1"
            decoding="async"
            height="16"
            loading="lazy"
            src="/_next/image?url=https%3A%2F%2Fcdn-icons-png.flaticon.com%2F512%2F6711%2F6711573.png&w=32&q=75"
            srcset="/_next/image?url=https%3A%2F%2Fcdn-icons-png.flaticon.com%2F512%2F6711%2F6711573.png&w=16&q=75 1x, /_next/image?url=https%3A%2F%2Fcdn-icons-png.flaticon.com%2F512%2F6711%2F6711573.png&w=32&q=75 2x"
            style="color: transparent;"
            width="16"
          />
          Delete
        </button>
      </div>
    </main>
    <footer
      class="footer"
    >
      <ul>
        <li>
          <h4>
            Tech Stuff
          </h4>
          <ul>
            <li>
              <a
                href="#"
              >
                C++
              </a>
            </li>
            <li>
              <a
                href="#"
              >
                TypeScript
              </a>
            </li>
            <li>
              <a
                href="#"
              >
                Ruby
              </a>
            </li>
            <li>
              <a
                href="#"
              >
                Terraform
              </a>
            </li>
            <li>
              <a
                href="#"
              >
                Golang
              </a>
            </li>
            <li>
              <a
                href="#"
              >
                Python
              </a>
            </li>
            <li>
              <a
                href="#"
              >
                Cloud - AWS
              </a>
            </li>
            <li>
              <a
                href="#"
              >
                Git
              </a>
            </li>
          </ul>
        </li>
        <li>
          <h4>
            Skills
          </h4>
          <ul>
            <li>
              <a
                href="#"
              >
                Algorithms and Data Structures
              </a>
            </li>
            <li>
              <a
                href="#"
              >
                Mathematics
              </a>
            </li>
            <li>
              <a
                href="#"
              >
                Software Engineering
              </a>
            </li>
            <li>
              <a
                href="#"
              >
                Web Development
              </a>
            </li>
            <li>
              <a
                href="#"
              >
                Continuous Integration
              </a>
            </li>
            <li>
              <a
                href="#"
              >
                Tech Agnostic
              </a>
            </li>
            <li>
              <a
                href="#"
              >
                Proactivity
              </a>
            </li>
            <li>
              <a
                href="#"
              >
                Continuous Learning
              </a>
            </li>
          </ul>
        </li>
        <li>
          <h4>
            Personal Projects
          </h4>
          <ul>
            <li>
              <a
                href="#"
              >
                Algorists Group
              </a>
            </li>
            <li>
              <a
                href="#"
              >
                Unit Test Zeal
              </a>
            </li>
            <li>
              <a
                href="#"
              >
                Personal Website
              </a>
            </li>
            <li>
              <a
                href="#"
              >
                Jarnik Build System
              </a>
            </li>
            <li>
              <a
                href="#"
              >
                Spectral Clustering
              </a>
            </li>
          </ul>
        </li>
        <li>
          <h4>
            Volunteering
          </h4>
          <ul>
            <li>
              <a
                href="#"
              >
                LEGO Robotics and Tech for Kids
              </a>
            </li>
            <li>
              <a
                href="#"
              >
                Plant Trees
              </a>
            </li>
            <li>
              <a
                href="#"
              >
                OmegaUp Latinoamerica
              </a>
            </li>
            <li>
              <a
                href="#"
              >
                Rider Photoshoot
              </a>
            </li>
            <li>
              <a
                href="#"
              >
                Charity Events
              </a>
            </li>
          </ul>
        </li>
        <li>
          <h4>
            Hobbies and fun
          </h4>
          <ul>
            <li>
              <a
                href="#"
              >
                Cooking
              </a>
            </li>
            <li>
              <a
                href="#"
              >
                Liverpool FC
              </a>
            </li>
            <li>
              <a
                href="#"
              >
                Anime
              </a>
            </li>
            <li>
              <a
                href="#"
              >
                Videogames
              </a>
            </li>
            <li>
              <a
                href="#"
              >
                Boardgames
              </a>
            </li>
            <li>
              <a
                href="#"
              >
                Watching sports
              </a>
            </li>
            <li>
              <a
                href="#"
              >
                Travel and Hiking
              </a>
            </li>
          </ul>
        </li>
        <li>
          <h4>
            Hates and boring
          </h4>
          <ul>
            <li>
              <a
                href="#"
              >
                Apple stuff
              </a>
            </li>
            <li>
              <a
                href="#"
              >
                Real Madrid FC
              </a>
            </li>
            <li>
              <a
                href="#"
              >
                Java stuff
              </a>
            </li>
          </ul>
        </li>
      </ul>
    </footer>
  </div>
</DocumentFragment>
`;
